﻿
> frontend@0.0.0 build
> vite build

[36mvite v8.0.3 [32mbuilding client environment for production...[36m[39m
[2K
transforming...Γ£ô 439 modules transformed.
node.exe : 
[31mΓ£ù[39m Build 
failed in 318ms
At C:\Program Files\
nodejs\npm.ps1:29 
char:3
+   & $NODE_EXE 
$NPM_CLI_JS $args
+   ~~~~~~~~~~~~~~~~
~~~~~~~~~~~~~
    + CategoryInfo  
            : NotS  
  pecified: ([31   
 mΓ£ù[39m Build    
 failed in 318m    
s:String) [], R    
emoteException
    + FullyQualifie 
   dErrorId : Nati  
  veCommandError
 
[31merror during 
build:
[31mBuild failed 
with 1 error:

[plugin vite:css] C:
/Users/HARIHARAN/Doc
uments/Kokilaprinter
s 1/frontend/src/ind
ex.css:undefined:NaN
Error: [postcss] It 
looks like you're 
trying to use 
`tailwindcss` 
directly as a 
PostCSS plugin. The 
PostCSS plugin has 
moved to a separate 
package, so to 
continue using 
Tailwind CSS with 
PostCSS you'll need 
to install `@tailwin
dcss/postcss` and 
update your PostCSS 
configuration.
    at at (C:\Users\
HARIHARAN\Documents\
Kokilaprinters 1\fro
ntend\node_modules\t
ailwindcss\dist\lib.
js:38:1643)
    at LazyResult.ru
nOnRoot (C:\Users\HA
RIHARAN\Documents\Ko
kilaprinters 1\front
end\node_modules\pos
tcss\lib\lazy-result
.js:361:16)
    at 
LazyResult.runAsync 
(C:\Users\HARIHARAN\
Documents\Kokilaprin
ters 1\frontend\node
_modules\postcss\lib
\lazy-result.js:290:
26)
    at async 
runPostCSS (file:///
C:/Users/HARIHARAN/D
ocuments/Kokilaprint
ers%201/frontend/nod
e_modules/vite/dist/
node/chunks/node.js:
20945:19)
    at async 
compilePostCSS (file
:///C:/Users/HARIHAR
AN/Documents/Kokilap
rinters%201/frontend
/node_modules/vite/d
ist/node/chunks/node
.js:20929:6)
    at async 
compileCSS (file:///
C:/Users/HARIHARAN/D
ocuments/Kokilaprint
ers%201/frontend/nod
e_modules/vite/dist/
node/chunks/node.js:
20859:26)
    at async Transfo
rmPluginContextImpl.
handler (file:///C:/
Users/HARIHARAN/Docu
ments/Kokilaprinters
%201/frontend/node_m
odules/vite/dist/nod
e/chunks/node.js:203
75:47)
    at async plugin 
(file:///C:/Users/HA
RIHARAN/Documents/Ko
kilaprinters%201/fro
ntend/node_modules/r
olldown/dist/shared/
bindingify-input-opt
ions-e7ze4hPR.mjs:11
29:16)
    at async 
plugin.<computed> (f
ile:///C:/Users/HARI
HARAN/Documents/Koki
laprinters%201/front
end/node_modules/rol
ldown/dist/shared/bi
ndingify-input-optio
ns-e7ze4hPR.mjs:1593
:12)[31m
    at aggregateBind
ingErrorsIntoJsError
 (file:///C:/Users/H
ARIHARAN/Documents/K
okilaprinters%201/fr
ontend/node_modules/
rolldown/dist/shared
/error-BLhcSyeg.mjs:
48:18)
    at 
unwrapBindingResult 
(file:///C:/Users/HA
RIHARAN/Documents/Ko
kilaprinters%201/fro
ntend/node_modules/r
olldown/dist/shared/
error-BLhcSyeg.mjs:1
8:128)
    at #build (file:
///C:/Users/HARIHARA
N/Documents/Kokilapr
inters%201/frontend/
node_modules/rolldow
n/dist/shared/rolldo
wn-build-CPrIX9V6.mj
s:3313:34)
    at async 
buildEnvironment (fi
le:///C:/Users/HARIH
ARAN/Documents/Kokil
aprinters%201/fronte
nd/node_modules/vite
/dist/node/chunks/no
de.js:32849:64)
    at async 
Object.build (file:/
//C:/Users/HARIHARAN
/Documents/Kokilapri
nters%201/frontend/n
ode_modules/vite/dis
t/node/chunks/node.j
s:33271:19)
    at async 
Object.buildApp (fil
e:///C:/Users/HARIHA
RAN/Documents/Kokila
printers%201/fronten
d/node_modules/vite/
dist/node/chunks/nod
e.js:33268:153)
    at async 
CAC.<anonymous> (fil
e:///C:/Users/HARIHA
RAN/Documents/Kokila
printers%201/fronten
d/node_modules/vite/
dist/node/cli.js:778
:3) {
  errors: 
[Getter/Setter]
}[39m
